  Determining projects to restore...
  All projects are up-to-date for restore.
  Project_MyShop_2025.Core -> d:\Work\Window_Final_Project\Project_MyShop_2025\Project_MyShop_2025.Core\bin\Debug\net9.0\Project_MyShop_2025.Core.dll
d:\Work\Window_Final_Project\Project_MyShop_2025\Project_MyShop_2025.Tests\ProductServiceTests.cs(40,65): error CS0246: The type or namespace name 'ProductSearchCriteria' could not be found (are you missing a using directive or an assembly reference?) [d:\Work\Window_Final_Project\Project_MyShop_2025\Project_MyShop_2025.Tests\Project_MyShop_2025.Tests.csproj]
d:\Work\Window_Final_Project\Project_MyShop_2025\Project_MyShop_2025.Tests\ProductServiceTests.cs(40,41): error CS1061: 'ProductService' does not contain a definition for 'SearchProductsAsync' and no accessible extension method 'SearchProductsAsync' accepting a first argument of type 'ProductService' could be found (are you missing a using directive or an assembly reference?) [d:\Work\Window_Final_Project\Project_MyShop_2025\Project_MyShop_2025.Tests\Project_MyShop_2025.Tests.csproj]
d:\Work\Window_Final_Project\Project_MyShop_2025\Project_MyShop_2025.Tests\ProductServiceTests.cs(60,65): error CS0246: The type or namespace name 'ProductSearchCriteria' could not be found (are you missing a using directive or an assembly reference?) [d:\Work\Window_Final_Project\Project_MyShop_2025\Project_MyShop_2025.Tests\Project_MyShop_2025.Tests.csproj]
d:\Work\Window_Final_Project\Project_MyShop_2025\Project_MyShop_2025.Tests\ProductServiceTests.cs(60,41): error CS1061: 'ProductService' does not contain a definition for 'SearchProductsAsync' and no accessible extension method 'SearchProductsAsync' accepting a first argument of type 'ProductService' could be found (are you missing a using directive or an assembly reference?) [d:\Work\Window_Final_Project\Project_MyShop_2025\Project_MyShop_2025.Tests\Project_MyShop_2025.Tests.csproj]
d:\Work\Window_Final_Project\Project_MyShop_2025\Project_MyShop_2025.Tests\ProductServiceTests.cs(81,65): error CS0246: The type or namespace name 'ProductSearchCriteria' could not be found (are you missing a using directive or an assembly reference?) [d:\Work\Window_Final_Project\Project_MyShop_2025\Project_MyShop_2025.Tests\Project_MyShop_2025.Tests.csproj]
d:\Work\Window_Final_Project\Project_MyShop_2025\Project_MyShop_2025.Tests\ProductServiceTests.cs(81,41): error CS1061: 'ProductService' does not contain a definition for 'SearchProductsAsync' and no accessible extension method 'SearchProductsAsync' accepting a first argument of type 'ProductService' could be found (are you missing a using directive or an assembly reference?) [d:\Work\Window_Final_Project\Project_MyShop_2025\Project_MyShop_2025.Tests\Project_MyShop_2025.Tests.csproj]

Build FAILED.

d:\Work\Window_Final_Project\Project_MyShop_2025\Project_MyShop_2025.Tests\ProductServiceTests.cs(40,65): error CS0246: The type or namespace name 'ProductSearchCriteria' could not be found (are you missing a using directive or an assembly reference?) [d:\Work\Window_Final_Project\Project_MyShop_2025\Project_MyShop_2025.Tests\Project_MyShop_2025.Tests.csproj]
d:\Work\Window_Final_Project\Project_MyShop_2025\Project_MyShop_2025.Tests\ProductServiceTests.cs(40,41): error CS1061: 'ProductService' does not contain a definition for 'SearchProductsAsync' and no accessible extension method 'SearchProductsAsync' accepting a first argument of type 'ProductService' could be found (are you missing a using directive or an assembly reference?) [d:\Work\Window_Final_Project\Project_MyShop_2025\Project_MyShop_2025.Tests\Project_MyShop_2025.Tests.csproj]
d:\Work\Window_Final_Project\Project_MyShop_2025\Project_MyShop_2025.Tests\ProductServiceTests.cs(60,65): error CS0246: The type or namespace name 'ProductSearchCriteria' could not be found (are you missing a using directive or an assembly reference?) [d:\Work\Window_Final_Project\Project_MyShop_2025\Project_MyShop_2025.Tests\Project_MyShop_2025.Tests.csproj]
d:\Work\Window_Final_Project\Project_MyShop_2025\Project_MyShop_2025.Tests\ProductServiceTests.cs(60,41): error CS1061: 'ProductService' does not contain a definition for 'SearchProductsAsync' and no accessible extension method 'SearchProductsAsync' accepting a first argument of type 'ProductService' could be found (are you missing a using directive or an assembly reference?) [d:\Work\Window_Final_Project\Project_MyShop_2025\Project_MyShop_2025.Tests\Project_MyShop_2025.Tests.csproj]
d:\Work\Window_Final_Project\Project_MyShop_2025\Project_MyShop_2025.Tests\ProductServiceTests.cs(81,65): error CS0246: The type or namespace name 'ProductSearchCriteria' could not be found (are you missing a using directive or an assembly reference?) [d:\Work\Window_Final_Project\Project_MyShop_2025\Project_MyShop_2025.Tests\Project_MyShop_2025.Tests.csproj]
d:\Work\Window_Final_Project\Project_MyShop_2025\Project_MyShop_2025.Tests\ProductServiceTests.cs(81,41): error CS1061: 'ProductService' does not contain a definition for 'SearchProductsAsync' and no accessible extension method 'SearchProductsAsync' accepting a first argument of type 'ProductService' could be found (are you missing a using directive or an assembly reference?) [d:\Work\Window_Final_Project\Project_MyShop_2025\Project_MyShop_2025.Tests\Project_MyShop_2025.Tests.csproj]
    0 Warning(s)
    6 Error(s)

Time Elapsed 00:00:01.90
